      gen1                  p1a    1   12
      gen1                  p1b    1   12
      gen1                   p2    2   12
      gen1                  p4a    4   13
      gen1                  p4b    4   12
      gen1                  p4c    4   13
      gen1                  p4d    4   12
      gen2                  p1a    1   12
      gen2                  p1b    1   12
      gen2                   p2    2   12
