matrix field=256 rows=24 cols=26
   0   0   1   1   1   0   1   1   1   1   0   0   0   0   1   0   1   0   1   1
   1   0   0   0   0   0
   0   1   0   1   1   1   1   0   1   1   1   0   0   0   0   0   0   0   1   0
   1   1   0   0   0   0
   0   1   0   1   1   1   0   0   0   0   0   1   0   0   1   0   1   1   1   1
   0   1   0   0   0   0
   0   0   1   0   0   1   1   1   0   1   1   1   1   1   1   0   0   0   0   0
   0   0   0   0   0   0
   1   0   0   1   1   1   1   0   0   1   1   0   0   0   0   0   0   1   1   1
   1   0   0   0   1   0
   0   1   0   0   1   1   1   0   0   0   1   0   0   1   1   0   1   1   0   0
   0   0   0   0   0   0
   1   0   1   0   1   0   1   1   1   1   1   1   1   0   0   0   0   0   0   0
   0   0   0   0   1   0
   0   0   0   1   1   1   0   0   0   0   0   1   1   1   0   1   0   1   1   1
   0   1   0   0   0   0
   0   0   0   0   0   1   0   1   1   1   1   1   0   1   1   0   1   1   0   1
   1   0   0   0   0   0
   1   1   1   1   1   0   1   1   0   1   0   0   0   0   0   0   0   1   0   1
   0   0   0   0   1   0
   1   1   1   0   1   1   1   1   0   0   0   1   0   0   1   0   0   0   1   1
   1   1   1   1   1   1
   1   0   1   1   1   0   1   0   0   0   0   1   1   0   1   0   1   0   0   0
   1   1   0   1   1   1
   0   0   1   1   0   1   1   0   1   0   1   1   0   0   1   1   0   1   1   0
   1   1   0   1   0   1
   0   0   1   0   0   0   1   1   0   1   1   1   0   1   0   0   0   1   0   1
   1   0   1   1   0   1
   0   0   1   0   0   0   1   0   1   1   0   1   1   1   0   0   1   0   0   1
   0   1   0   0   0   0
   0   0   1   1   0   1   0   1   1   0   1   1   1   1   0   0   0   0   0   1
   0   1   0   1   0   1
   0   1   1   1   0   0   0   1   0   0   0   0   1   1   0   1   1   0   0   0
   1   1   0   0   0   0
   0   0   1   1   0   1   0   1   1   1   0   0   1   1   1   1   1   1   1   1
   1   1   0   0   0   0
   1   0   0   1   1   0   1   1   1   1   0   1   0   1   1   0   1   0   1   1
   0   1   1   0   1   0
   0   0   1   0   0   0   1   1   1   0   1   0   0   0   1   1   1   0   1   1
   0   1   0   1   0   1
   0   1   1   1   0   1   0   1   1   0   1   1   1   1   0   1   0   1   1   1
   1   1   1   1   0   1
   0   1   0   0   0   0   1   0   1   1   0   1   1   1   1   1   1   1   0   1
   1   1   1   0   0   0
   0   0   0   1   0   0   1   0   0   1   1   0   1   0   0   0   0   0   0   1
   0   0   1   1   0   1
   0   0   1   0   0   0   1   1   0   0   0   0   0   0   0   0   0   0   1   0
   1   0   0   0   0   0
